// Jest Snapshot v1, https://goo.gl/fbAQLP

exports[`components/footer render should render without errors 1`] = `
Object {
  "asFragment": [Function],
  "baseElement": <body>
    <div>
      <footer
        class="styles__Wrapper-sc-2nn9gf-0 cTxcED"
      >
        <div
          class="styles__FooterMenu-sc-2nn9gf-1 eWqYYe"
        >
          <div>
            <h4>
              Contactos
            </h4>
            <ul>
              <li>
                <a
                  href="mailto:istovaidarmerda.online@gmail.com"
                  rel="noopener noreferrer"
                  target="_blank"
                >
                  Email
                </a>
              </li>
              <li>
                <a
                  href="https://twitter.com/SoniaTelesF"
                  rel="noopener noreferrer"
                  target="_blank"
                >
                  @SoniaTelesF
                </a>
              </li>
            </ul>
          </div>
          <div>
            <h4>
              Social
            </h4>
            <ul>
              <li>
                <a
                  href="https://twitter.com/IstoVai"
                  rel="noopener noreferrer"
                  target="_blank"
                >
                  Twitter
                </a>
              </li>
              <li>
                <a
                  href="https://www.youtube.com/channel/UC-M0MHRa0CNewKhjCz4c2Qg"
                  rel="noopener noreferrer"
                  target="_blank"
                >
                  Youtube
                </a>
              </li>
            </ul>
          </div>
          <div>
            <h4>
              Media
            </h4>
            <ul>
              <li>
                <a
                  href="https://drive.google.com/drive/folders/1J4i9QUIF_M7-OQ8qXOPmOJdGK3O7HUqR?usp=sharing"
                  target="_blank"
                >
                  Press Kit
                </a>
              </li>
            </ul>
          </div>
        </div>
        <div
          class="styles__Copyright-sc-2nn9gf-2 jTqdAj"
        >
          Copyright © 
          2020
           Isto Vai Dar Merda. Toda a merda reservada.
        </div>
      </footer>
    </div>
  </body>,
  "container": <div>
    <footer
      class="styles__Wrapper-sc-2nn9gf-0 cTxcED"
    >
      <div
        class="styles__FooterMenu-sc-2nn9gf-1 eWqYYe"
      >
        <div>
          <h4>
            Contactos
          </h4>
          <ul>
            <li>
              <a
                href="mailto:istovaidarmerda.online@gmail.com"
                rel="noopener noreferrer"
                target="_blank"
              >
                Email
              </a>
            </li>
            <li>
              <a
                href="https://twitter.com/SoniaTelesF"
                rel="noopener noreferrer"
                target="_blank"
              >
                @SoniaTelesF
              </a>
            </li>
          </ul>
        </div>
        <div>
          <h4>
            Social
          </h4>
          <ul>
            <li>
              <a
                href="https://twitter.com/IstoVai"
                rel="noopener noreferrer"
                target="_blank"
              >
                Twitter
              </a>
            </li>
            <li>
              <a
                href="https://www.youtube.com/channel/UC-M0MHRa0CNewKhjCz4c2Qg"
                rel="noopener noreferrer"
                target="_blank"
              >
                Youtube
              </a>
            </li>
          </ul>
        </div>
        <div>
          <h4>
            Media
          </h4>
          <ul>
            <li>
              <a
                href="https://drive.google.com/drive/folders/1J4i9QUIF_M7-OQ8qXOPmOJdGK3O7HUqR?usp=sharing"
                target="_blank"
              >
                Press Kit
              </a>
            </li>
          </ul>
        </div>
      </div>
      <div
        class="styles__Copyright-sc-2nn9gf-2 jTqdAj"
      >
        Copyright © 
        2020
         Isto Vai Dar Merda. Toda a merda reservada.
      </div>
    </footer>
  </div>,
  "debug": [Function],
  "findAllByAltText": [Function],
  "findAllByDisplayValue": [Function],
  "findAllByLabelText": [Function],
  "findAllByPlaceholderText": [Function],
  "findAllByRole": [Function],
  "findAllByTestId": [Function],
  "findAllByText": [Function],
  "findAllByTitle": [Function],
  "findByAltText": [Function],
  "findByDisplayValue": [Function],
  "findByLabelText": [Function],
  "findByPlaceholderText": [Function],
  "findByRole": [Function],
  "findByTestId": [Function],
  "findByText": [Function],
  "findByTitle": [Function],
  "getAllByAltText": [Function],
  "getAllByDisplayValue": [Function],
  "getAllByLabelText": [Function],
  "getAllByPlaceholderText": [Function],
  "getAllByRole": [Function],
  "getAllByTestId": [Function],
  "getAllByText": [Function],
  "getAllByTitle": [Function],
  "getByAltText": [Function],
  "getByDisplayValue": [Function],
  "getByLabelText": [Function],
  "getByPlaceholderText": [Function],
  "getByRole": [Function],
  "getByTestId": [Function],
  "getByText": [Function],
  "getByTitle": [Function],
  "queryAllByAltText": [Function],
  "queryAllByDisplayValue": [Function],
  "queryAllByLabelText": [Function],
  "queryAllByPlaceholderText": [Function],
  "queryAllByRole": [Function],
  "queryAllByTestId": [Function],
  "queryAllByText": [Function],
  "queryAllByTitle": [Function],
  "queryByAltText": [Function],
  "queryByDisplayValue": [Function],
  "queryByLabelText": [Function],
  "queryByPlaceholderText": [Function],
  "queryByRole": [Function],
  "queryByTestId": [Function],
  "queryByText": [Function],
  "queryByTitle": [Function],
  "rerender": [Function],
  "unmount": [Function],
}
`;
